---
source: crates/lintspec-core/tests/tests-unicode-sample.rs
expression: "snapshot_content(\"./test-data/UnicodeSample.sol\",\n&ValidationOptions::default(), true, false)"
---
error: UnicodeSample.BasicSample_SomeError
    ,-[ ./test-data/UnicodeSample.sol:22:41 ]
    |
 22 |     error BasicSample_SomeError(uint256 _param1);
    |                                         ^^^|^^^  
    |                                            `----- @param _param1 is missing
----'
event: UnicodeSample.BasicSample_BasicEvent
    ,-[ ./test-data/UnicodeSample.sol:27:42 ]
    |
 27 |     event BasicSample_BasicEvent(uint256 _param1);
    |                                          ^^^|^^^  
    |                                             `----- @param _param1 is missing
----'
variable: UnicodeSample.somePublicNumber
    ,-[ ./test-data/UnicodeSample.sol:35:5 ]
    |
 35 | ,->     /**
    : :   
 38 | |->     uint256 public somePublicNumber;
    | |                                          
    | `------------------------------------------ @inheritdoc is missing
----'
constructor: UnicodeSample.constructor
    ,-[ ./test-data/UnicodeSample.sol:40:22 ]
    |
 40 |     constructor(bool _randomFlag) {}
    |                      ^^^^^|^^^^^  
    |                           `------- @param _randomFlag is missing
----'
function: UnicodeSample.externalSimple
    ,-[ ./test-data/UnicodeSample.sol:42:5 ]
    |
 42 | ,->     /**
    : :   
 53 | |->         returns (bool _isMagic)
    | |                                     
    | `------------------------------------- @inheritdoc is missing
----'
function: UnicodeSample.externalSimpleMultipleReturn
    ,-[ ./test-data/UnicodeSample.sol:64:5 ]
    |
 64 | ,->     /**
    : :   
 75 | |->         returns (bool _isMagic, uint256)
    | |                                              
    | `---------------------------------------------- @inheritdoc is missing
----'
function: UnicodeSample.externalSimpleMultipleUnnamedReturn
    ,-[ ./test-data/UnicodeSample.sol:80:5 ]
    |
 80 | ,->     /**
    : :   
 85 | |->     function externalSimpleMultipleUnnamedReturn() external pure returns (bool, uint256) {
    | |                                                                                                
    | `------------------------------------------------------------------------------------------------ @inheritdoc is missing
----'
modifier: UnicodeSample.transferFee
    ,-[ ./test-data/UnicodeSample.sol:92:34 ]
    |
 92 |     modifier transferFee(uint256 _receiver) virtual {
    |                                  ^^^^|^^^^  
    |                                      `------ @param _receiver is missing
----'
